---
source: text-redaction/src/json.rs
expression: redact.redact_str(&json)
---
Ok(
    "{\"a\":{\"b\":{\"key\":\"redact_me\"},\"foo\":\"[TEXT_REDACTED]\",\"key\":\"skip-redaction\"},\"key\":\"skip-redaction\"}",
)
