---
source: text-redaction/src/pattern.rs
expression: "Redact::try_capture(TEXT, &Regex::new(\"(foo)\").unwrap(), 1, true)"
---
[
    (
        "foo",
        Some(
            Position {
                start_offset: 0,
                end_offset: 3,
            },
        ),
    ),
    (
        "foo",
        Some(
            Position {
                start_offset: 12,
                end_offset: 15,
            },
        ),
    ),
]
