---
source: text-redaction/src/engine.rs
expression: "try_capture(TEXT, &Regex::new(\"(foo)\").unwrap(), 1, false)"
---
[
    (
        "foo",
        None,
    ),
    (
        "foo",
        None,
    ),
]
