---
source: text-redaction/src/redaction.rs
expression: "redaction.redact_reader_with_info(File::open(file_path).unwrap())"
---
Ok(
    Info {
        string: "foo,[TEXT_REDACTED],baz,extra",
        captures: [
            Captures {
                text: "bar",
                position: Some(
                    Position {
                        line: 1,
                        start_offset: 4,
                        end_offset: 7,
                    },
                ),
            },
        ],
    },
)
