---
source: src/redaction.rs
expression: redaction.redact_str(TEXT)
---
"foo,[TEXT_REDACTED],baz"
