---
source: src/redaction.rs
expression: redaction.redact_str(TEXT)
---
"foo,[HIDDEN_TEXT],baz"
